This file contains any messages produced by compilers while
running configure, to aid debugging if configure makes a mistake.

It was created by svx_cnt_ana configure 1.00, which was
generated by GNU Autoconf 2.69.  Invocation command line was

  $ ../source/configure --prefix=/phenix/plhf/tongzhouguo/yuri_embed/embed/svx_cent_ana/install/

## --------- ##
## Platform. ##
## --------- ##

hostname = rcas2064.rcf.bnl.gov
uname -m = x86_64
uname -r = 3.10.0-1160.71.1.el7.x86_64
uname -s = Linux
uname -v = #1 SMP Tue Jun 28 08:19:35 CDT 2022

/usr/bin/uname -p = x86_64
/bin/uname -X     = unknown

/bin/arch              = x86_64
/usr/bin/arch -k       = unknown
/usr/convex/getsysinfo = unknown
/usr/bin/hostinfo      = unknown
/bin/machine           = unknown
/usr/bin/oslevel       = unknown
/bin/universe          = unknown

PATH: .
PATH: /phenix/u/tongzhouguo/bin
PATH: /direct/phenix+u/tongzhouguo/install/bin
PATH: /afs/rhic.bnl.gov/x8664_sl7/opt/phenix/core/geant4.10.00.p02/bin
PATH: .
PATH: /opt/phenix/utils/bin
PATH: /opt/phenix/core/bin
PATH: /usr/lib64/qt-3.3/bin
PATH: /usr/local/bin
PATH: /bin
PATH: /usr/bin
PATH: /usr/local/sbin
PATH: /usr/sbin
PATH: /afs/rhic.bnl.gov/phenix/PHENIX_LIB/sys/x8664_sl7/new.1/bin
PATH: /afs/rhic.bnl.gov/phenix/PHENIX_LIB/sys/x8664_sl7/new.1/root/bin
PATH: /afs/rhic.bnl.gov/app/insure-7.5.5/bin
PATH: /cern/pro/bin


## ----------- ##
## Core tests. ##
## ----------- ##

configure:2151: loading site script /opt/phenix/core/etc/config.site
| # We compile 32bit with optimizations and debugging symbols enabled
| FFLAGS='-m32 -g -O2'
| CFLAGS="-m32 -g -O2"
| CXXFLAGS="${CFLAGS}"
| 
| # Allow LD_LIBRARY_PATH to override RPATH
| LDFLAGS='-m32 -Wl,--enable-new-dtags'
| 
configure:2294: checking for a BSD-compatible install
configure:2362: result: /bin/install -c
configure:2373: checking whether build environment is sane
configure:2428: result: yes
configure:2579: checking for a thread-safe mkdir -p
configure:2618: result: /bin/mkdir -p
configure:2625: checking for gawk
configure:2641: found /bin/gawk
configure:2652: result: gawk
configure:2663: checking whether make sets $(MAKE)
configure:2685: result: yes
configure:2714: checking whether make supports nested variables
configure:2731: result: yes
configure:2748: error: source directory already configured; run "make distclean" there first

## ---------------- ##
## Cache variables. ##
## ---------------- ##

ac_cv_env_CCC_set=
ac_cv_env_CCC_value=
ac_cv_env_CC_set=
ac_cv_env_CC_value=
ac_cv_env_CFLAGS_set=
ac_cv_env_CFLAGS_value=
ac_cv_env_CPPFLAGS_set=
ac_cv_env_CPPFLAGS_value=
ac_cv_env_CPP_set=
ac_cv_env_CPP_value=
ac_cv_env_CXXCPP_set=
ac_cv_env_CXXCPP_value=
ac_cv_env_CXXFLAGS_set=
ac_cv_env_CXXFLAGS_value=
ac_cv_env_CXX_set=
ac_cv_env_CXX_value=
ac_cv_env_LDFLAGS_set=
ac_cv_env_LDFLAGS_value=
ac_cv_env_LIBS_set=
ac_cv_env_LIBS_value=
ac_cv_env_build_alias_set=
ac_cv_env_build_alias_value=
ac_cv_env_host_alias_set=
ac_cv_env_host_alias_value=
ac_cv_env_target_alias_set=
ac_cv_env_target_alias_value=
ac_cv_path_install='/bin/install -c'
ac_cv_path_mkdir=/bin/mkdir
ac_cv_prog_AWK=gawk
ac_cv_prog_make_make_set=yes
am_cv_make_support_nested_variables=yes

## ----------------- ##
## Output variables. ##
## ----------------- ##

ACLOCAL=''
AMDEPBACKSLASH=''
AMDEP_FALSE=''
AMDEP_TRUE=''
AMTAR=''
AM_BACKSLASH='\'
AM_DEFAULT_V='$(AM_DEFAULT_VERBOSITY)'
AM_DEFAULT_VERBOSITY='1'
AM_V='$(V)'
AR=''
AUTOCONF=''
AUTOHEADER=''
AUTOMAKE=''
AWK='gawk'
CC=''
CCDEPMODE=''
CFLAGS='-m32 -g -O2'
CPP=''
CPPFLAGS=''
CXX=''
CXXCPP=''
CXXDEPMODE=''
CXXFLAGS='-m32 -g -O2'
CYGPATH_W=''
DEFS=''
DEPDIR=''
DLLTOOL=''
DSYMUTIL=''
DUMPBIN=''
ECHO_C=''
ECHO_N='-n'
ECHO_T=''
EGREP=''
EXEEXT=''
FGREP=''
GREP=''
INSTALL_DATA='${INSTALL} -m 644'
INSTALL_PROGRAM='${INSTALL}'
INSTALL_SCRIPT='${INSTALL}'
INSTALL_STRIP_PROGRAM='$(install_sh) -c -s'
LD=''
LDFLAGS='-m32 -Wl,--enable-new-dtags'
LIBOBJS=''
LIBS=''
LIBTOOL=''
LIPO=''
LN_S=''
LTLIBOBJS=''
MAKEINFO=''
MANIFEST_TOOL=''
MKDIR_P='/bin/mkdir -p'
NM=''
NMEDIT=''
OBJDUMP=''
OBJEXT=''
OTOOL64=''
OTOOL=''
PACKAGE=''
PACKAGE_BUGREPORT=''
PACKAGE_INCLUDE_DIR=''
PACKAGE_NAME='svx_cnt_ana'
PACKAGE_STRING='svx_cnt_ana 1.00'
PACKAGE_TARNAME='svx_cnt_ana'
PACKAGE_URL=''
PACKAGE_VERSION='1.00'
PATH_SEPARATOR=':'
RANLIB=''
SED=''
SET_MAKE=''
SHELL='/bin/sh'
STRIP=''
VERSION=''
ac_ct_AR=''
ac_ct_CC=''
ac_ct_CXX=''
ac_ct_DUMPBIN=''
am__EXEEXT_FALSE=''
am__EXEEXT_TRUE=''
am__fastdepCC_FALSE=''
am__fastdepCC_TRUE=''
am__fastdepCXX_FALSE=''
am__fastdepCXX_TRUE=''
am__include=''
am__isrc=' -I$(srcdir)'
am__leading_dot='.'
am__nodep=''
am__quote=''
am__tar=''
am__untar=''
bindir='${exec_prefix}/bin'
build=''
build_alias=''
build_cpu=''
build_os=''
build_vendor=''
datadir='${datarootdir}'
datarootdir='${prefix}/share'
docdir='${datarootdir}/doc/${PACKAGE_TARNAME}'
dvidir='${docdir}'
exec_prefix='NONE'
host=''
host_alias=''
host_cpu=''
host_os=''
host_vendor=''
htmldir='${docdir}'
includedir='${prefix}/include'
infodir='${datarootdir}/info'
install_sh='${SHELL} /phenix/plhf/tongzhouguo/yuri_embed/embed/svx_cent_ana/source/install-sh'
libdir='${exec_prefix}/lib'
libexecdir='${exec_prefix}/libexec'
localedir='${datarootdir}/locale'
localstatedir='${prefix}/var'
mandir='${datarootdir}/man'
mkdir_p=''
oldincludedir='/usr/include'
pdfdir='${docdir}'
prefix='/phenix/plhf/tongzhouguo/yuri_embed/embed/svx_cent_ana/install'
program_transform_name='s,x,x,'
psdir='${docdir}'
sbindir='${exec_prefix}/sbin'
sharedstatedir='${prefix}/com'
sysconfdir='${prefix}/etc'
target_alias=''

## ----------- ##
## confdefs.h. ##
## ----------- ##

/* confdefs.h */
#define PACKAGE_NAME "svx_cnt_ana"
#define PACKAGE_TARNAME "svx_cnt_ana"
#define PACKAGE_VERSION "1.00"
#define PACKAGE_STRING "svx_cnt_ana 1.00"
#define PACKAGE_BUGREPORT ""
#define PACKAGE_URL ""

configure: exit 1
