This file contains any messages produced by compilers while
running configure, to aid debugging if configure makes a mistake.

It was created by configure, which was
generated by GNU Autoconf 2.69.  Invocation command line was

  $ ../source/configure --prefix=/phenix/plhf/mitran/Simul/Dileptons/embedreco/install/ --no-create --no-recursion

## --------- ##
## Platform. ##
## --------- ##

hostname = rcas2064.rcf.bnl.gov
uname -m = x86_64
uname -r = 3.10.0-1160.71.1.el7.x86_64
uname -s = Linux
uname -v = #1 SMP Tue Jun 28 08:19:35 CDT 2022

/usr/bin/uname -p = x86_64
/bin/uname -X     = unknown

/bin/arch              = x86_64
/usr/bin/arch -k       = unknown
/usr/convex/getsysinfo = unknown
/usr/bin/hostinfo      = unknown
/bin/machine           = unknown
/usr/bin/oslevel       = unknown
/bin/universe          = unknown

PATH: .
PATH: /phenix/u/tongzhouguo/bin
PATH: /direct/phenix+u/tongzhouguo/install/bin
PATH: /afs/rhic.bnl.gov/x8664_sl7/opt/phenix/core/geant4.10.00.p02/bin
PATH: .
PATH: /opt/phenix/utils/bin
PATH: /opt/phenix/core/bin
PATH: /usr/lib64/qt-3.3/bin
PATH: /usr/local/bin
PATH: /bin
PATH: /usr/bin
PATH: /usr/local/sbin
PATH: /usr/sbin
PATH: /afs/rhic.bnl.gov/phenix/PHENIX_LIB/sys/x8664_sl7/new.2/bin
PATH: /afs/rhic.bnl.gov/phenix/PHENIX_LIB/sys/x8664_sl7/new.2/root/bin
PATH: /afs/rhic.bnl.gov/app/insure-7.5.5/bin
PATH: /cern/pro/bin


## ----------- ##
## Core tests. ##
## ----------- ##

configure:2148: loading site script /opt/phenix/core/etc/config.site
| # We compile 32bit with optimizations and debugging symbols enabled
| FFLAGS='-m32 -g -O2'
| CFLAGS="-m32 -g -O2"
| CXXFLAGS="${CFLAGS}"
| 
| # Allow LD_LIBRARY_PATH to override RPATH
| LDFLAGS='-m32 -Wl,--enable-new-dtags'
| 
configure:2290: checking for a BSD-compatible install
configure:2358: result: /bin/install -c
configure:2369: checking whether build environment is sane
configure:2424: result: yes
configure:2575: checking for a thread-safe mkdir -p
configure:2614: result: /bin/mkdir -p
configure:2621: checking for gawk
configure:2637: found /bin/gawk
configure:2648: result: gawk
configure:2659: checking whether make sets $(MAKE)
configure:2681: result: yes
configure:2710: checking whether make supports nested variables
configure:2727: result: yes
configure:2870: checking for CC
configure:2900: result: no
configure:2870: checking for g++
configure:2886: found /bin/g++
configure:2897: result: g++
configure:2924: checking for C++ compiler version
configure:2933: g++ --version >&5
g++ (GCC) 4.8.5 20150623 (Red Hat 4.8.5-11)
Copyright (C) 2015 Free Software Foundation, Inc.
This is free software; see the source for copying conditions.  There is NO
warranty; not even for MERCHANTABILITY or FITNESS FOR A PARTICULAR PURPOSE.

configure:2944: $? = 0
configure:2933: g++ -v >&5
Using built-in specs.
COLLECT_GCC=g++
COLLECT_LTO_WRAPPER=/usr/libexec/gcc/x86_64-redhat-linux/4.8.5/lto-wrapper
Target: x86_64-redhat-linux
Configured with: ../configure --prefix=/usr --mandir=/usr/share/man --infodir=/usr/share/info --with-bugurl=http://bugzilla.redhat.com/bugzilla --enable-bootstrap --enable-shared --enable-threads=posix --enable-checking=release --with-system-zlib --enable-__cxa_atexit --disable-libunwind-exceptions --enable-gnu-unique-object --enable-linker-build-id --with-linker-hash-style=gnu --enable-languages=c,c++,objc,obj-c++,java,fortran,ada,go,lto --enable-plugin --enable-initfini-array --disable-libgcj --with-isl=/builddir/build/BUILD/gcc-4.8.5-20150702/obj-x86_64-redhat-linux/isl-install --with-cloog=/builddir/build/BUILD/gcc-4.8.5-20150702/obj-x86_64-redhat-linux/cloog-install --enable-gnu-indirect-function --with-tune=generic --with-arch_32=x86-64 --build=x86_64-redhat-linux
Thread model: posix
gcc version 4.8.5 20150623 (Red Hat 4.8.5-11) (GCC) 
configure:2944: $? = 0
configure:2933: g++ -V >&5
g++: error: unrecognized command line option '-V'
g++: fatal error: no input files
compilation terminated.
configure:2944: $? = 4
configure:2933: g++ -qversion >&5
g++: error: unrecognized command line option '-qversion'
g++: fatal error: no input files
compilation terminated.
configure:2944: $? = 4
configure:2964: checking whether the C++ compiler works
configure:2986: g++ -m32 -g -O2  -m32 -Wl,--enable-new-dtags conftest.cpp  >&5
configure:2990: $? = 0
configure:3038: result: yes
configure:3041: checking for C++ compiler default output file name
configure:3043: result: a.out
configure:3049: checking for suffix of executables
configure:3056: g++ -o conftest -m32 -g -O2  -m32 -Wl,--enable-new-dtags conftest.cpp  >&5
configure:3060: $? = 0
configure:3082: result: 
configure:3104: checking whether we are cross compiling
configure:3112: g++ -o conftest -m32 -g -O2  -m32 -Wl,--enable-new-dtags conftest.cpp  >&5
configure:3116: $? = 0
configure:3123: ./conftest
configure:3127: $? = 0
configure:3142: result: no
configure:3147: checking for suffix of object files
configure:3169: g++ -c -m32 -g -O2  conftest.cpp >&5
configure:3173: $? = 0
configure:3194: result: o
configure:3198: checking whether we are using the GNU C++ compiler
configure:3217: g++ -c -m32 -g -O2  conftest.cpp >&5
configure:3217: $? = 0
configure:3226: result: yes
configure:3235: checking whether g++ accepts -g
configure:3255: g++ -c -g  conftest.cpp >&5
configure:3255: $? = 0
configure:3296: result: yes
configure:3330: checking for style of include used by make
configure:3358: result: GNU
configure:3384: checking dependency style of g++
configure:3495: result: gcc3
configure:3570: checking build system type
configure:3584: result: x86_64-unknown-linux-gnu
configure:3604: checking host system type
configure:3617: result: x86_64-unknown-linux-gnu
configure:3658: checking how to print strings
configure:3685: result: printf
configure:3754: checking for gcc
configure:3770: found /bin/gcc
configure:3781: result: gcc
configure:4010: checking for C compiler version
configure:4019: gcc --version >&5
gcc (GCC) 4.8.5 20150623 (Red Hat 4.8.5-11)
Copyright (C) 2015 Free Software Foundation, Inc.
This is free software; see the source for copying conditions.  There is NO
warranty; not even for MERCHANTABILITY or FITNESS FOR A PARTICULAR PURPOSE.

configure:4030: $? = 0
configure:4019: gcc -v >&5
Using built-in specs.
COLLECT_GCC=gcc
COLLECT_LTO_WRAPPER=/usr/libexec/gcc/x86_64-redhat-linux/4.8.5/lto-wrapper
Target: x86_64-redhat-linux
Configured with: ../configure --prefix=/usr --mandir=/usr/share/man --infodir=/usr/share/info --with-bugurl=http://bugzilla.redhat.com/bugzilla --enable-bootstrap --enable-shared --enable-threads=posix --enable-checking=release --with-system-zlib --enable-__cxa_atexit --disable-libunwind-exceptions --enable-gnu-unique-object --enable-linker-build-id --with-linker-hash-style=gnu --enable-languages=c,c++,objc,obj-c++,java,fortran,ada,go,lto --enable-plugin --enable-initfini-array --disable-libgcj --with-isl=/builddir/build/BUILD/gcc-4.8.5-20150702/obj-x86_64-redhat-linux/isl-install --with-cloog=/builddir/build/BUILD/gcc-4.8.5-20150702/obj-x86_64-redhat-linux/cloog-install --enable-gnu-indirect-function --with-tune=generic --with-arch_32=x86-64 --build=x86_64-redhat-linux
Thread model: posix
gcc version 4.8.5 20150623 (Red Hat 4.8.5-11) (GCC) 
configure:4030: $? = 0
configure:4019: gcc -V >&5
gcc: error: unrecognized command line option '-V'
gcc: fatal error: no input files
compilation terminated.
configure:4030: $? = 4
configure:4019: gcc -qversion >&5
gcc: error: unrecognized command line option '-qversion'
gcc: fatal error: no input files
compilation terminated.
configure:4030: $? = 4
configure:4034: checking whether we are using the GNU C compiler
configure:4053: gcc -c -m32 -g -O2  conftest.c >&5
configure:4053: $? = 0
configure:4062: result: yes
configure:4071: checking whether gcc accepts -g
configure:4091: gcc -c -g  conftest.c >&5
configure:4091: $? = 0
configure:4132: result: yes
configure:4149: checking for gcc option to accept ISO C89
configure:4212: gcc  -c -m32 -g -O2  conftest.c >&5
configure:4212: $? = 0
configure:4225: result: none needed
configure:4247: checking dependency style of gcc
configure:4358: result: gcc3
configure:4373: checking for a sed that does not truncate output
configure:4437: result: /bin/sed
configure:4455: checking for grep that handles long lines and -e
configure:4513: result: /bin/grep
configure:4518: checking for egrep
configure:4580: result: /bin/grep -E
configure:4585: checking for fgrep
configure:4647: result: /bin/grep -F
configure:4682: checking for ld used by gcc
configure:4749: result: /bin/ld
configure:4756: checking if the linker (/bin/ld) is GNU ld
configure:4771: result: yes
configure:4783: checking for BSD- or MS-compatible name lister (nm)
configure:4832: result: /bin/nm -B
configure:4962: checking the name lister (/bin/nm -B) interface
configure:4969: gcc -c -m32 -g -O2  conftest.c >&5
configure:4972: /bin/nm -B "conftest.o"
configure:4975: output
00000000 B some_variable
configure:4982: result: BSD nm
configure:4985: checking whether ln -s works
configure:4989: result: yes
configure:4997: checking the maximum length of command line arguments
configure:5127: result: 1572864
configure:5144: checking whether the shell understands some XSI constructs
configure:5154: result: yes
configure:5158: checking whether the shell understands "+="
configure:5164: result: yes
configure:5199: checking how to convert x86_64-unknown-linux-gnu file names to x86_64-unknown-linux-gnu format
configure:5239: result: func_convert_file_noop
configure:5246: checking how to convert x86_64-unknown-linux-gnu file names to toolchain format
configure:5266: result: func_convert_file_noop
configure:5273: checking for /bin/ld option to reload object files
configure:5280: result: -r
configure:5354: checking for objdump
configure:5370: found /bin/objdump
configure:5381: result: objdump
configure:5413: checking how to recognize dependent libraries
configure:5615: result: pass_all
configure:5700: checking for dlltool
configure:5730: result: no
configure:5760: checking how to associate runtime and link libraries
configure:5787: result: printf %s\n
configure:5848: checking for ar
configure:5864: found /bin/ar
configure:5875: result: ar
configure:5912: checking for archiver @FILE support
configure:5929: gcc -c -m32 -g -O2  conftest.c >&5
configure:5929: $? = 0
configure:5932: ar cru libconftest.a @conftest.lst >&5
configure:5935: $? = 0
configure:5940: ar cru libconftest.a @conftest.lst >&5
ar: conftest.o: No such file or directory
configure:5943: $? = 1
configure:5955: result: @
configure:6013: checking for strip
configure:6029: found /bin/strip
configure:6040: result: strip
configure:6112: checking for ranlib
configure:6128: found /bin/ranlib
configure:6139: result: ranlib
configure:6241: checking command to parse /bin/nm -B output from gcc object
configure:6361: gcc -c -m32 -g -O2  conftest.c >&5
configure:6364: $? = 0
configure:6368: /bin/nm -B conftest.o \| sed -n -e 's/^.*[ ]\([ABCDGIRSTW][ABCDGIRSTW]*\)[ ][ ]*\([_A-Za-z][_A-Za-z0-9]*\)$/\1 \2 \2/p' | sed '/ __gnu_lto/d' \> conftest.nm
configure:6371: $? = 0
configure:6437: gcc -o conftest -m32 -g -O2  -m32 -Wl,--enable-new-dtags conftest.c conftstm.o >&5
configure:6440: $? = 0
configure:6478: result: ok
configure:6515: checking for sysroot
configure:6545: result: no
configure:6622: gcc -c -m32 -g -O2  conftest.c >&5
configure:6625: $? = 0
configure:6801: checking for mt
configure:6831: result: no
configure:6851: checking if : is a manifest tool
configure:6857: : '-?'
configure:6865: result: no
configure:7507: checking how to run the C preprocessor
configure:7538: gcc -E  conftest.c
configure:7538: $? = 0
configure:7552: gcc -E  conftest.c
conftest.c:11:28: fatal error: ac_nonexistent.h: No such file or directory
 #include <ac_nonexistent.h>
                            ^
compilation terminated.
configure:7552: $? = 1
configure: failed program was:
| /* confdefs.h */
| #define PACKAGE_NAME ""
| #define PACKAGE_TARNAME ""
| #define PACKAGE_VERSION ""
| #define PACKAGE_STRING ""
| #define PACKAGE_BUGREPORT ""
| #define PACKAGE_URL ""
| #define PACKAGE "simreco"
| #define VERSION "1.00"
| /* end confdefs.h.  */
| #include <ac_nonexistent.h>
configure:7577: result: gcc -E
configure:7597: gcc -E  conftest.c
configure:7597: $? = 0
configure:7611: gcc -E  conftest.c
conftest.c:11:28: fatal error: ac_nonexistent.h: No such file or directory
 #include <ac_nonexistent.h>
                            ^
compilation terminated.
configure:7611: $? = 1
configure: failed program was:
| /* confdefs.h */
| #define PACKAGE_NAME ""
| #define PACKAGE_TARNAME ""
| #define PACKAGE_VERSION ""
| #define PACKAGE_STRING ""
| #define PACKAGE_BUGREPORT ""
| #define PACKAGE_URL ""
| #define PACKAGE "simreco"
| #define VERSION "1.00"
| /* end confdefs.h.  */
| #include <ac_nonexistent.h>
configure:7640: checking for ANSI C header files
configure:7660: gcc -c -m32 -g -O2  conftest.c >&5
configure:7660: $? = 0
configure:7733: gcc -o conftest -m32 -g -O2  -m32 -Wl,--enable-new-dtags conftest.c  >&5
configure:7733: $? = 0
configure:7733: ./conftest
configure:7733: $? = 0
configure:7744: result: yes
configure:7757: checking for sys/types.h
configure:7757: gcc -c -m32 -g -O2  conftest.c >&5
configure:7757: $? = 0
configure:7757: result: yes
configure:7757: checking for sys/stat.h
configure:7757: gcc -c -m32 -g -O2  conftest.c >&5
configure:7757: $? = 0
configure:7757: result: yes
configure:7757: checking for stdlib.h
configure:7757: gcc -c -m32 -g -O2  conftest.c >&5
configure:7757: $? = 0
configure:7757: result: yes
configure:7757: checking for string.h
configure:7757: gcc -c -m32 -g -O2  conftest.c >&5
configure:7757: $? = 0
configure:7757: result: yes
configure:7757: checking for memory.h
configure:7757: gcc -c -m32 -g -O2  conftest.c >&5
configure:7757: $? = 0
configure:7757: result: yes
configure:7757: checking for strings.h
configure:7757: gcc -c -m32 -g -O2  conftest.c >&5
configure:7757: $? = 0
configure:7757: result: yes
configure:7757: checking for inttypes.h
configure:7757: gcc -c -m32 -g -O2  conftest.c >&5
configure:7757: $? = 0
configure:7757: result: yes
configure:7757: checking for stdint.h
configure:7757: gcc -c -m32 -g -O2  conftest.c >&5
configure:7757: $? = 0
configure:7757: result: yes
configure:7757: checking for unistd.h
configure:7757: gcc -c -m32 -g -O2  conftest.c >&5
configure:7757: $? = 0
configure:7757: result: yes
configure:7771: checking for dlfcn.h
configure:7771: gcc -c -m32 -g -O2  conftest.c >&5
configure:7771: $? = 0
configure:7771: result: yes
configure:7958: checking for objdir
configure:7973: result: .libs
configure:8240: checking if gcc supports -fno-rtti -fno-exceptions
configure:8258: gcc -c -m32 -g -O2  -fno-rtti -fno-exceptions conftest.c >&5
cc1: warning: command line option '-fno-rtti' is valid for C++/ObjC++ but not for C [enabled by default]
configure:8262: $? = 0
configure:8275: result: no
configure:8602: checking for gcc option to produce PIC
configure:8609: result: -fPIC -DPIC
configure:8617: checking if gcc PIC flag -fPIC -DPIC works
configure:8635: gcc -c -m32 -g -O2  -fPIC -DPIC -DPIC conftest.c >&5
configure:8639: $? = 0
configure:8652: result: yes
configure:8681: checking if gcc static flag -static works
configure:8709: result: no
configure:8724: checking if gcc supports -c -o file.o
configure:8745: gcc -c -m32 -g -O2  -o out/conftest2.o conftest.c >&5
configure:8749: $? = 0
configure:8771: result: yes
configure:8779: checking if gcc supports -c -o file.o
configure:8826: result: yes
configure:8859: checking whether the gcc linker (/bin/ld -m elf_i386) supports shared libraries
configure:10012: result: yes
configure:10049: checking whether -lc should be explicitly linked in
configure:10057: gcc -c -m32 -g -O2  conftest.c >&5
configure:10060: $? = 0
configure:10075: gcc -shared  -fPIC -DPIC conftest.o  -v -Wl,-soname -Wl,conftest -o conftest 2\>\&1 \| /bin/grep  -lc  \>/dev/null 2\>\&1
configure:10078: $? = 0
configure:10092: result: no
configure:10252: checking dynamic linker characteristics
configure:10763: gcc -o conftest -m32 -g -O2  -m32 -Wl,--enable-new-dtags -Wl,-rpath -Wl,/foo conftest.c  >&5
configure:10763: $? = 0
configure:10989: result: GNU/Linux ld.so
configure:11096: checking how to hardcode library paths into programs
configure:11121: result: immediate
configure:11661: checking whether stripping libraries is possible
configure:11666: result: yes
configure:11701: checking if libtool supports shared libraries
configure:11703: result: yes
configure:11706: checking whether to build shared libraries
configure:11727: result: yes
configure:11730: checking whether to build static libraries
configure:11734: result: no
configure:11757: checking how to run the C++ preprocessor
configure:11784: g++ -E  conftest.cpp
configure:11784: $? = 0
configure:11798: g++ -E  conftest.cpp
conftest.cpp:23:28: fatal error: ac_nonexistent.h: No such file or directory
 #include <ac_nonexistent.h>
                            ^
compilation terminated.
configure:11798: $? = 1
configure: failed program was:
| /* confdefs.h */
| #define PACKAGE_NAME ""
| #define PACKAGE_TARNAME ""
| #define PACKAGE_VERSION ""
| #define PACKAGE_STRING ""
| #define PACKAGE_BUGREPORT ""
| #define PACKAGE_URL ""
| #define PACKAGE "simreco"
| #define VERSION "1.00"
| #define STDC_HEADERS 1
| #define HAVE_SYS_TYPES_H 1
| #define HAVE_SYS_STAT_H 1
| #define HAVE_STDLIB_H 1
| #define HAVE_STRING_H 1
| #define HAVE_MEMORY_H 1
| #define HAVE_STRINGS_H 1
| #define HAVE_INTTYPES_H 1
| #define HAVE_STDINT_H 1
| #define HAVE_UNISTD_H 1
| #define HAVE_DLFCN_H 1
| #define LT_OBJDIR ".libs/"
| /* end confdefs.h.  */
| #include <ac_nonexistent.h>
configure:11823: result: g++ -E
configure:11843: g++ -E  conftest.cpp
configure:11843: $? = 0
configure:11857: g++ -E  conftest.cpp
conftest.cpp:23:28: fatal error: ac_nonexistent.h: No such file or directory
 #include <ac_nonexistent.h>
                            ^
compilation terminated.
configure:11857: $? = 1
configure: failed program was:
| /* confdefs.h */
| #define PACKAGE_NAME ""
| #define PACKAGE_TARNAME ""
| #define PACKAGE_VERSION ""
| #define PACKAGE_STRING ""
| #define PACKAGE_BUGREPORT ""
| #define PACKAGE_URL ""
| #define PACKAGE "simreco"
| #define VERSION "1.00"
| #define STDC_HEADERS 1
| #define HAVE_SYS_TYPES_H 1
| #define HAVE_SYS_STAT_H 1
| #define HAVE_STDLIB_H 1
| #define HAVE_STRING_H 1
| #define HAVE_MEMORY_H 1
| #define HAVE_STRINGS_H 1
| #define HAVE_INTTYPES_H 1
| #define HAVE_STDINT_H 1
| #define HAVE_UNISTD_H 1
| #define HAVE_DLFCN_H 1
| #define LT_OBJDIR ".libs/"
| /* end confdefs.h.  */
| #include <ac_nonexistent.h>
configure:12026: checking for ld used by g++
configure:12093: result: /bin/ld -m elf_i386
configure:12100: checking if the linker (/bin/ld -m elf_i386) is GNU ld
configure:12115: result: yes
configure:12170: checking whether the g++ linker (/bin/ld -m elf_i386) supports shared libraries
configure:13175: result: yes
configure:13211: g++ -c -m32 -g -O2  conftest.cpp >&5
configure:13214: $? = 0
configure:13734: checking for g++ option to produce PIC
configure:13741: result: -fPIC -DPIC
configure:13749: checking if g++ PIC flag -fPIC -DPIC works
configure:13767: g++ -c -m32 -g -O2  -fPIC -DPIC -DPIC conftest.cpp >&5
configure:13771: $? = 0
configure:13784: result: yes
configure:13807: checking if g++ static flag -static works
configure:13835: result: no
configure:13847: checking if g++ supports -c -o file.o
configure:13868: g++ -c -m32 -g -O2  -o out/conftest2.o conftest.cpp >&5
configure:13872: $? = 0
configure:13894: result: yes
configure:13899: checking if g++ supports -c -o file.o
configure:13946: result: yes
configure:13976: checking whether the g++ linker (/bin/ld -m elf_i386) supports shared libraries
configure:14012: result: yes
configure:14153: checking dynamic linker characteristics
configure:14824: result: GNU/Linux ld.so
configure:14877: checking how to hardcode library paths into programs
configure:14902: result: immediate
configure:15115: checking that generated files are newer than configure
configure:15121: result: done
configure:15148: creating ./config.status

## ---------------- ##
## Cache variables. ##
## ---------------- ##

ac_cv_build=x86_64-unknown-linux-gnu
ac_cv_c_compiler_gnu=yes
ac_cv_cxx_compiler_gnu=yes
ac_cv_env_CCC_set=
ac_cv_env_CCC_value=
ac_cv_env_CC_set=
ac_cv_env_CC_value=
ac_cv_env_CFLAGS_set=
ac_cv_env_CFLAGS_value=
ac_cv_env_CPPFLAGS_set=
ac_cv_env_CPPFLAGS_value=
ac_cv_env_CPP_set=
ac_cv_env_CPP_value=
ac_cv_env_CXXCPP_set=
ac_cv_env_CXXCPP_value=
ac_cv_env_CXXFLAGS_set=
ac_cv_env_CXXFLAGS_value=
ac_cv_env_CXX_set=
ac_cv_env_CXX_value=
ac_cv_env_LDFLAGS_set=
ac_cv_env_LDFLAGS_value=
ac_cv_env_LIBS_set=
ac_cv_env_LIBS_value=
ac_cv_env_build_alias_set=
ac_cv_env_build_alias_value=
ac_cv_env_host_alias_set=
ac_cv_env_host_alias_value=
ac_cv_env_target_alias_set=
ac_cv_env_target_alias_value=
ac_cv_header_dlfcn_h=yes
ac_cv_header_inttypes_h=yes
ac_cv_header_memory_h=yes
ac_cv_header_stdc=yes
ac_cv_header_stdint_h=yes
ac_cv_header_stdlib_h=yes
ac_cv_header_string_h=yes
ac_cv_header_strings_h=yes
ac_cv_header_sys_stat_h=yes
ac_cv_header_sys_types_h=yes
ac_cv_header_unistd_h=yes
ac_cv_host=x86_64-unknown-linux-gnu
ac_cv_objext=o
ac_cv_path_EGREP='/bin/grep -E'
ac_cv_path_FGREP='/bin/grep -F'
ac_cv_path_GREP=/bin/grep
ac_cv_path_SED=/bin/sed
ac_cv_path_install='/bin/install -c'
ac_cv_path_mkdir=/bin/mkdir
ac_cv_prog_AWK=gawk
ac_cv_prog_CPP='gcc -E'
ac_cv_prog_CXXCPP='g++ -E'
ac_cv_prog_ac_ct_AR=ar
ac_cv_prog_ac_ct_CC=gcc
ac_cv_prog_ac_ct_CXX=g++
ac_cv_prog_ac_ct_OBJDUMP=objdump
ac_cv_prog_ac_ct_RANLIB=ranlib
ac_cv_prog_ac_ct_STRIP=strip
ac_cv_prog_cc_c89=
ac_cv_prog_cc_g=yes
ac_cv_prog_cxx_g=yes
ac_cv_prog_make_make_set=yes
am_cv_CC_dependencies_compiler_type=gcc3
am_cv_CXX_dependencies_compiler_type=gcc3
am_cv_make_support_nested_variables=yes
lt_cv_ar_at_file=@
lt_cv_archive_cmds_need_lc=no
lt_cv_deplibs_check_method=pass_all
lt_cv_file_magic_cmd='$MAGIC_CMD'
lt_cv_file_magic_test_file=
lt_cv_ld_reload_flag=-r
lt_cv_nm_interface='BSD nm'
lt_cv_objdir=.libs
lt_cv_path_LD=/bin/ld
lt_cv_path_LDCXX='/bin/ld -m elf_i386'
lt_cv_path_NM='/bin/nm -B'
lt_cv_path_mainfest_tool=no
lt_cv_prog_compiler_c_o=yes
lt_cv_prog_compiler_c_o_CXX=yes
lt_cv_prog_compiler_pic='-fPIC -DPIC'
lt_cv_prog_compiler_pic_CXX='-fPIC -DPIC'
lt_cv_prog_compiler_pic_works=yes
lt_cv_prog_compiler_pic_works_CXX=yes
lt_cv_prog_compiler_rtti_exceptions=no
lt_cv_prog_compiler_static_works=no
lt_cv_prog_compiler_static_works_CXX=no
lt_cv_prog_gnu_ld=yes
lt_cv_prog_gnu_ldcxx=yes
lt_cv_sharedlib_from_linklib_cmd='printf %s\n'
lt_cv_shlibpath_overrides_runpath=yes
lt_cv_sys_global_symbol_pipe='sed -n -e '\''s/^.*[	 ]\([ABCDGIRSTW][ABCDGIRSTW]*\)[	 ][	 ]*\([_A-Za-z][_A-Za-z0-9]*\)$/\1 \2 \2/p'\'' | sed '\''/ __gnu_lto/d'\'''
lt_cv_sys_global_symbol_to_c_name_address='sed -n -e '\''s/^: \([^ ]*\)[ ]*$/  {\"\1\", (void *) 0},/p'\'' -e '\''s/^[ABCDGIRSTW]* \([^ ]*\) \([^ ]*\)$/  {"\2", (void *) \&\2},/p'\'''
lt_cv_sys_global_symbol_to_c_name_address_lib_prefix='sed -n -e '\''s/^: \([^ ]*\)[ ]*$/  {\"\1\", (void *) 0},/p'\'' -e '\''s/^[ABCDGIRSTW]* \([^ ]*\) \(lib[^ ]*\)$/  {"\2", (void *) \&\2},/p'\'' -e '\''s/^[ABCDGIRSTW]* \([^ ]*\) \([^ ]*\)$/  {"lib\2", (void *) \&\2},/p'\'''
lt_cv_sys_global_symbol_to_cdecl='sed -n -e '\''s/^T .* \(.*\)$/extern int \1();/p'\'' -e '\''s/^[ABCDGIRSTW]* .* \(.*\)$/extern char \1;/p'\'''
lt_cv_sys_max_cmd_len=1572864
lt_cv_to_host_file_cmd=func_convert_file_noop
lt_cv_to_tool_file_cmd=func_convert_file_noop

## ----------------- ##
## Output variables. ##
## ----------------- ##

ACLOCAL='${SHELL} /phenix/plhf/tongzhouguo/yuri_embed/embedreco/source/missing aclocal-1.13'
AMDEPBACKSLASH='\'
AMDEP_FALSE='#'
AMDEP_TRUE=''
AMTAR='$${TAR-tar}'
AM_BACKSLASH='\'
AM_DEFAULT_V='$(AM_DEFAULT_VERBOSITY)'
AM_DEFAULT_VERBOSITY='1'
AM_V='$(V)'
AR='ar'
AUTOCONF='${SHELL} /phenix/plhf/tongzhouguo/yuri_embed/embedreco/source/missing autoconf'
AUTOHEADER='${SHELL} /phenix/plhf/tongzhouguo/yuri_embed/embedreco/source/missing autoheader'
AUTOMAKE='${SHELL} /phenix/plhf/tongzhouguo/yuri_embed/embedreco/source/missing automake-1.13'
AWK='gawk'
CC='gcc'
CCDEPMODE='depmode=gcc3'
CFLAGS='-m32 -g -O2'
CPP='gcc -E'
CPPFLAGS=''
CXX='g++'
CXXCPP='g++ -E'
CXXDEPMODE='depmode=gcc3'
CXXFLAGS='-m32 -g -O2 -Wall -Werror'
CYGPATH_W='echo'
DEFS='-DPACKAGE_NAME=\"\" -DPACKAGE_TARNAME=\"\" -DPACKAGE_VERSION=\"\" -DPACKAGE_STRING=\"\" -DPACKAGE_BUGREPORT=\"\" -DPACKAGE_URL=\"\" -DPACKAGE=\"simreco\" -DVERSION=\"1.00\" -DSTDC_HEADERS=1 -DHAVE_SYS_TYPES_H=1 -DHAVE_SYS_STAT_H=1 -DHAVE_STDLIB_H=1 -DHAVE_STRING_H=1 -DHAVE_MEMORY_H=1 -DHAVE_STRINGS_H=1 -DHAVE_INTTYPES_H=1 -DHAVE_STDINT_H=1 -DHAVE_UNISTD_H=1 -DHAVE_DLFCN_H=1 -DLT_OBJDIR=\".libs/\"'
DEPDIR='.deps'
DLLTOOL='false'
DSYMUTIL=''
DUMPBIN=''
ECHO_C=''
ECHO_N='-n'
ECHO_T=''
EGREP='/bin/grep -E'
EXEEXT=''
FGREP='/bin/grep -F'
GREP='/bin/grep'
INSTALL_DATA='${INSTALL} -m 644'
INSTALL_PROGRAM='${INSTALL}'
INSTALL_SCRIPT='${INSTALL}'
INSTALL_STRIP_PROGRAM='$(install_sh) -c -s'
LD='/bin/ld -m elf_i386'
LDFLAGS='-m32 -Wl,--enable-new-dtags'
LIBOBJS=''
LIBS=''
LIBTOOL='$(SHELL) $(top_builddir)/libtool'
LIPO=''
LN_S='ln -s'
LTLIBOBJS=''
MAKEINFO='${SHELL} /phenix/plhf/tongzhouguo/yuri_embed/embedreco/source/missing makeinfo'
MANIFEST_TOOL=':'
MKDIR_P='/bin/mkdir -p'
NM='/bin/nm -B'
NMEDIT=''
OBJDUMP='objdump'
OBJEXT='o'
OTOOL64=''
OTOOL=''
PACKAGE='simreco'
PACKAGE_BUGREPORT=''
PACKAGE_NAME=''
PACKAGE_STRING=''
PACKAGE_TARNAME=''
PACKAGE_URL=''
PACKAGE_VERSION=''
PATH_SEPARATOR=':'
RANLIB='ranlib'
SED='/bin/sed'
SET_MAKE=''
SHELL='/bin/sh'
STRIP='strip'
VERSION='1.00'
ac_ct_AR='ar'
ac_ct_CC='gcc'
ac_ct_CXX='g++'
ac_ct_DUMPBIN=''
am__EXEEXT_FALSE=''
am__EXEEXT_TRUE='#'
am__fastdepCC_FALSE='#'
am__fastdepCC_TRUE=''
am__fastdepCXX_FALSE='#'
am__fastdepCXX_TRUE=''
am__include='include'
am__isrc=' -I$(srcdir)'
am__leading_dot='.'
am__nodep='_no'
am__quote=''
am__tar='$${TAR-tar} chof - "$$tardir"'
am__untar='$${TAR-tar} xf -'
bindir='${exec_prefix}/bin'
build='x86_64-unknown-linux-gnu'
build_alias=''
build_cpu='x86_64'
build_os='linux-gnu'
build_vendor='unknown'
datadir='${datarootdir}'
datarootdir='${prefix}/share'
docdir='${datarootdir}/doc/${PACKAGE}'
dvidir='${docdir}'
exec_prefix='${prefix}'
host='x86_64-unknown-linux-gnu'
host_alias=''
host_cpu='x86_64'
host_os='linux-gnu'
host_vendor='unknown'
htmldir='${docdir}'
includedir='${prefix}/include'
infodir='${datarootdir}/info'
install_sh='${SHELL} /phenix/plhf/tongzhouguo/yuri_embed/embedreco/source/install-sh'
libdir='${exec_prefix}/lib'
libexecdir='${exec_prefix}/libexec'
localedir='${datarootdir}/locale'
localstatedir='${prefix}/var'
mandir='${datarootdir}/man'
mkdir_p='$(MKDIR_P)'
oldincludedir='/usr/include'
pdfdir='${docdir}'
prefix='/phenix/plhf/mitran/Simul/Dileptons/embedreco/install'
program_transform_name='s,x,x,'
psdir='${docdir}'
sbindir='${exec_prefix}/sbin'
sharedstatedir='${prefix}/com'
sysconfdir='${prefix}/etc'
target_alias=''

## ----------- ##
## confdefs.h. ##
## ----------- ##

/* confdefs.h */
#define PACKAGE_NAME ""
#define PACKAGE_TARNAME ""
#define PACKAGE_VERSION ""
#define PACKAGE_STRING ""
#define PACKAGE_BUGREPORT ""
#define PACKAGE_URL ""
#define PACKAGE "simreco"
#define VERSION "1.00"
#define STDC_HEADERS 1
#define HAVE_SYS_TYPES_H 1
#define HAVE_SYS_STAT_H 1
#define HAVE_STDLIB_H 1
#define HAVE_STRING_H 1
#define HAVE_MEMORY_H 1
#define HAVE_STRINGS_H 1
#define HAVE_INTTYPES_H 1
#define HAVE_STDINT_H 1
#define HAVE_UNISTD_H 1
#define HAVE_DLFCN_H 1
#define LT_OBJDIR ".libs/"

configure: exit 0

## ---------------------- ##
## Running config.status. ##
## ---------------------- ##

This file was extended by config.status, which was
generated by GNU Autoconf 2.69.  Invocation command line was

  CONFIG_FILES    = 
  CONFIG_HEADERS  = 
  CONFIG_LINKS    = 
  CONFIG_COMMANDS = 
  $ ./config.status 

on rcas2064.rcf.bnl.gov

config.status:1065: creating Makefile
config.status:1222: executing depfiles commands
config.status:1222: executing libtool commands
