This file contains any messages produced by compilers while
running configure, to aid debugging if configure makes a mistake.

It was created by svx_cnt_ana configure 1.00, which was
generated by GNU Autoconf 2.69.  Invocation command line was

  $ ./configure --prefix=/direct/phenix+u/tongzhouguo/install

## --------- ##
## Platform. ##
## --------- ##

hostname = rcas2064.rcf.bnl.gov
uname -m = x86_64
uname -r = 3.10.0-1160.71.1.el7.x86_64
uname -s = Linux
uname -v = #1 SMP Tue Jun 28 08:19:35 CDT 2022

/usr/bin/uname -p = x86_64
/bin/uname -X     = unknown

/bin/arch              = x86_64
/usr/bin/arch -k       = unknown
/usr/convex/getsysinfo = unknown
/usr/bin/hostinfo      = unknown
/bin/machine           = unknown
/usr/bin/oslevel       = unknown
/bin/universe          = unknown

PATH: .
PATH: /phenix/u/tongzhouguo/bin
PATH: /direct/phenix+u/tongzhouguo/install/bin
PATH: /afs/rhic.bnl.gov/x8664_sl7/opt/phenix/core/geant4.10.00.p02/bin
PATH: .
PATH: /opt/phenix/utils/bin
PATH: /opt/phenix/core/bin
PATH: /usr/lib64/qt-3.3/bin
PATH: /usr/local/bin
PATH: /bin
PATH: /usr/bin
PATH: /usr/local/sbin
PATH: /usr/sbin
PATH: /afs/rhic.bnl.gov/phenix/PHENIX_LIB/sys/x8664_sl7/new.2/bin
PATH: /afs/rhic.bnl.gov/phenix/PHENIX_LIB/sys/x8664_sl7/new.2/root/bin
PATH: /afs/rhic.bnl.gov/app/insure-7.5.5/bin
PATH: /cern/pro/bin


## ----------- ##
## Core tests. ##
## ----------- ##

configure:2151: loading site script /opt/phenix/core/etc/config.site
| # We compile 32bit with optimizations and debugging symbols enabled
| FFLAGS='-m32 -g -O2'
| CFLAGS="-m32 -g -O2"
| CXXFLAGS="${CFLAGS}"
| 
| # Allow LD_LIBRARY_PATH to override RPATH
| LDFLAGS='-m32 -Wl,--enable-new-dtags'
| 
configure:2294: checking for a BSD-compatible install
configure:2362: result: /bin/install -c
configure:2373: checking whether build environment is sane
configure:2428: result: yes
configure:2579: checking for a thread-safe mkdir -p
configure:2618: result: /bin/mkdir -p
configure:2625: checking for gawk
configure:2641: found /bin/gawk
configure:2652: result: gawk
configure:2663: checking whether make sets $(MAKE)
configure:2685: result: yes
configure:2714: checking whether make supports nested variables
configure:2731: result: yes
configure:2877: checking for CC
configure:2907: result: no
configure:2877: checking for g++
configure:2893: found /bin/g++
configure:2904: result: g++
configure:2931: checking for C++ compiler version
configure:2940: g++ --version >&5
g++ (GCC) 4.8.5 20150623 (Red Hat 4.8.5-11)
Copyright (C) 2015 Free Software Foundation, Inc.
This is free software; see the source for copying conditions.  There is NO
warranty; not even for MERCHANTABILITY or FITNESS FOR A PARTICULAR PURPOSE.

configure:2951: $? = 0
configure:2940: g++ -v >&5
Using built-in specs.
COLLECT_GCC=g++
COLLECT_LTO_WRAPPER=/usr/libexec/gcc/x86_64-redhat-linux/4.8.5/lto-wrapper
Target: x86_64-redhat-linux
Configured with: ../configure --prefix=/usr --mandir=/usr/share/man --infodir=/usr/share/info --with-bugurl=http://bugzilla.redhat.com/bugzilla --enable-bootstrap --enable-shared --enable-threads=posix --enable-checking=release --with-system-zlib --enable-__cxa_atexit --disable-libunwind-exceptions --enable-gnu-unique-object --enable-linker-build-id --with-linker-hash-style=gnu --enable-languages=c,c++,objc,obj-c++,java,fortran,ada,go,lto --enable-plugin --enable-initfini-array --disable-libgcj --with-isl=/builddir/build/BUILD/gcc-4.8.5-20150702/obj-x86_64-redhat-linux/isl-install --with-cloog=/builddir/build/BUILD/gcc-4.8.5-20150702/obj-x86_64-redhat-linux/cloog-install --enable-gnu-indirect-function --with-tune=generic --with-arch_32=x86-64 --build=x86_64-redhat-linux
Thread model: posix
gcc version 4.8.5 20150623 (Red Hat 4.8.5-11) (GCC) 
configure:2951: $? = 0
configure:2940: g++ -V >&5
g++: error: unrecognized command line option '-V'
g++: fatal error: no input files
compilation terminated.
configure:2951: $? = 4
configure:2940: g++ -qversion >&5
g++: error: unrecognized command line option '-qversion'
g++: fatal error: no input files
compilation terminated.
configure:2951: $? = 4
configure:2971: checking whether the C++ compiler works
configure:2993: g++ -m32 -g -O2  -m32 -Wl,--enable-new-dtags conftest.cpp  >&5
configure:2997: $? = 0
configure:3045: result: yes
configure:3048: checking for C++ compiler default output file name
configure:3050: result: a.out
configure:3056: checking for suffix of executables
configure:3063: g++ -o conftest -m32 -g -O2  -m32 -Wl,--enable-new-dtags conftest.cpp  >&5
configure:3067: $? = 0
configure:3089: result: 
configure:3111: checking whether we are cross compiling
configure:3119: g++ -o conftest -m32 -g -O2  -m32 -Wl,--enable-new-dtags conftest.cpp  >&5
configure:3123: $? = 0
configure:3130: ./conftest
configure:3134: $? = 0
configure:3149: result: no
configure:3154: checking for suffix of object files
configure:3176: g++ -c -m32 -g -O2  conftest.cpp >&5
configure:3180: $? = 0
configure:3201: result: o
configure:3205: checking whether we are using the GNU C++ compiler
configure:3224: g++ -c -m32 -g -O2  conftest.cpp >&5
configure:3224: $? = 0
configure:3233: result: yes
configure:3242: checking whether g++ accepts -g
configure:3262: g++ -c -g  conftest.cpp >&5
configure:3262: $? = 0
configure:3303: result: yes
configure:3337: checking for style of include used by make
configure:3365: result: GNU
configure:3391: checking dependency style of g++
configure:3502: result: gcc3
configure:3577: checking build system type
configure:3591: result: x86_64-unknown-linux-gnu
configure:3611: checking host system type
configure:3624: result: x86_64-unknown-linux-gnu
configure:3665: checking how to print strings
configure:3692: result: printf
configure:3761: checking for gcc
configure:3777: found /bin/gcc
configure:3788: result: gcc
configure:4017: checking for C compiler version
configure:4026: gcc --version >&5
gcc (GCC) 4.8.5 20150623 (Red Hat 4.8.5-11)
Copyright (C) 2015 Free Software Foundation, Inc.
This is free software; see the source for copying conditions.  There is NO
warranty; not even for MERCHANTABILITY or FITNESS FOR A PARTICULAR PURPOSE.

configure:4037: $? = 0
configure:4026: gcc -v >&5
Using built-in specs.
COLLECT_GCC=gcc
COLLECT_LTO_WRAPPER=/usr/libexec/gcc/x86_64-redhat-linux/4.8.5/lto-wrapper
Target: x86_64-redhat-linux
Configured with: ../configure --prefix=/usr --mandir=/usr/share/man --infodir=/usr/share/info --with-bugurl=http://bugzilla.redhat.com/bugzilla --enable-bootstrap --enable-shared --enable-threads=posix --enable-checking=release --with-system-zlib --enable-__cxa_atexit --disable-libunwind-exceptions --enable-gnu-unique-object --enable-linker-build-id --with-linker-hash-style=gnu --enable-languages=c,c++,objc,obj-c++,java,fortran,ada,go,lto --enable-plugin --enable-initfini-array --disable-libgcj --with-isl=/builddir/build/BUILD/gcc-4.8.5-20150702/obj-x86_64-redhat-linux/isl-install --with-cloog=/builddir/build/BUILD/gcc-4.8.5-20150702/obj-x86_64-redhat-linux/cloog-install --enable-gnu-indirect-function --with-tune=generic --with-arch_32=x86-64 --build=x86_64-redhat-linux
Thread model: posix
gcc version 4.8.5 20150623 (Red Hat 4.8.5-11) (GCC) 
configure:4037: $? = 0
configure:4026: gcc -V >&5
gcc: error: unrecognized command line option '-V'
gcc: fatal error: no input files
compilation terminated.
configure:4037: $? = 4
configure:4026: gcc -qversion >&5
gcc: error: unrecognized command line option '-qversion'
gcc: fatal error: no input files
compilation terminated.
configure:4037: $? = 4
configure:4041: checking whether we are using the GNU C compiler
configure:4060: gcc -c -m32 -g -O2  conftest.c >&5
configure:4060: $? = 0
configure:4069: result: yes
configure:4078: checking whether gcc accepts -g
configure:4098: gcc -c -g  conftest.c >&5
configure:4098: $? = 0
configure:4139: result: yes
configure:4156: checking for gcc option to accept ISO C89
configure:4219: gcc  -c -m32 -g -O2  conftest.c >&5
configure:4219: $? = 0
configure:4232: result: none needed
configure:4254: checking dependency style of gcc
configure:4365: result: gcc3
configure:4380: checking for a sed that does not truncate output
configure:4444: result: /bin/sed
configure:4462: checking for grep that handles long lines and -e
configure:4520: result: /bin/grep
configure:4525: checking for egrep
configure:4587: result: /bin/grep -E
configure:4592: checking for fgrep
configure:4654: result: /bin/grep -F
configure:4689: checking for ld used by gcc
configure:4756: result: /bin/ld
configure:4763: checking if the linker (/bin/ld) is GNU ld
configure:4778: result: yes
configure:4790: checking for BSD- or MS-compatible name lister (nm)
configure:4839: result: /bin/nm -B
configure:4969: checking the name lister (/bin/nm -B) interface
configure:4976: gcc -c -m32 -g -O2  conftest.c >&5
configure:4979: /bin/nm -B "conftest.o"
configure:4982: output
00000000 B some_variable
configure:4989: result: BSD nm
configure:4992: checking whether ln -s works
configure:4996: result: yes
configure:5004: checking the maximum length of command line arguments
configure:5134: result: 1572864
configure:5151: checking whether the shell understands some XSI constructs
configure:5161: result: yes
configure:5165: checking whether the shell understands "+="
configure:5171: result: yes
configure:5206: checking how to convert x86_64-unknown-linux-gnu file names to x86_64-unknown-linux-gnu format
configure:5246: result: func_convert_file_noop
configure:5253: checking how to convert x86_64-unknown-linux-gnu file names to toolchain format
configure:5273: result: func_convert_file_noop
configure:5280: checking for /bin/ld option to reload object files
configure:5287: result: -r
configure:5361: checking for objdump
configure:5377: found /bin/objdump
configure:5388: result: objdump
configure:5420: checking how to recognize dependent libraries
configure:5622: result: pass_all
configure:5707: checking for dlltool
configure:5737: result: no
configure:5767: checking how to associate runtime and link libraries
configure:5794: result: printf %s\n
configure:5855: checking for ar
configure:5871: found /bin/ar
configure:5882: result: ar
configure:5919: checking for archiver @FILE support
configure:5936: gcc -c -m32 -g -O2  conftest.c >&5
configure:5936: $? = 0
configure:5939: ar cru libconftest.a @conftest.lst >&5
configure:5942: $? = 0
configure:5947: ar cru libconftest.a @conftest.lst >&5
ar: conftest.o: No such file or directory
configure:5950: $? = 1
configure:5962: result: @
configure:6020: checking for strip
configure:6036: found /bin/strip
configure:6047: result: strip
configure:6119: checking for ranlib
configure:6135: found /bin/ranlib
configure:6146: result: ranlib
configure:6248: checking command to parse /bin/nm -B output from gcc object
configure:6368: gcc -c -m32 -g -O2  conftest.c >&5
configure:6371: $? = 0
configure:6375: /bin/nm -B conftest.o \| sed -n -e 's/^.*[ ]\([ABCDGIRSTW][ABCDGIRSTW]*\)[ ][ ]*\([_A-Za-z][_A-Za-z0-9]*\)$/\1 \2 \2/p' | sed '/ __gnu_lto/d' \> conftest.nm
configure:6378: $? = 0
configure:6444: gcc -o conftest -m32 -g -O2  -m32 -Wl,--enable-new-dtags conftest.c conftstm.o >&5
configure:6447: $? = 0
configure:6485: result: ok
configure:6522: checking for sysroot
configure:6552: result: no
configure:6629: gcc -c -m32 -g -O2  conftest.c >&5
configure:6632: $? = 0
configure:6808: checking for mt
configure:6838: result: no
configure:6858: checking if : is a manifest tool
configure:6864: : '-?'
configure:6872: result: no
configure:7514: checking how to run the C preprocessor
configure:7545: gcc -E  conftest.c
configure:7545: $? = 0
configure:7559: gcc -E  conftest.c
conftest.c:11:28: fatal error: ac_nonexistent.h: No such file or directory
 #include <ac_nonexistent.h>
                            ^
compilation terminated.
configure:7559: $? = 1
configure: failed program was:
| /* confdefs.h */
| #define PACKAGE_NAME "svx_cnt_ana"
| #define PACKAGE_TARNAME "svx_cnt_ana"
| #define PACKAGE_VERSION "1.00"
| #define PACKAGE_STRING "svx_cnt_ana 1.00"
| #define PACKAGE_BUGREPORT ""
| #define PACKAGE_URL ""
| #define PACKAGE "ANADST"
| #define VERSION "1.00"
| /* end confdefs.h.  */
| #include <ac_nonexistent.h>
configure:7584: result: gcc -E
configure:7604: gcc -E  conftest.c
configure:7604: $? = 0
configure:7618: gcc -E  conftest.c
conftest.c:11:28: fatal error: ac_nonexistent.h: No such file or directory
 #include <ac_nonexistent.h>
                            ^
compilation terminated.
configure:7618: $? = 1
configure: failed program was:
| /* confdefs.h */
| #define PACKAGE_NAME "svx_cnt_ana"
| #define PACKAGE_TARNAME "svx_cnt_ana"
| #define PACKAGE_VERSION "1.00"
| #define PACKAGE_STRING "svx_cnt_ana 1.00"
| #define PACKAGE_BUGREPORT ""
| #define PACKAGE_URL ""
| #define PACKAGE "ANADST"
| #define VERSION "1.00"
| /* end confdefs.h.  */
| #include <ac_nonexistent.h>
configure:7647: checking for ANSI C header files
configure:7667: gcc -c -m32 -g -O2  conftest.c >&5
configure:7667: $? = 0
configure:7740: gcc -o conftest -m32 -g -O2  -m32 -Wl,--enable-new-dtags conftest.c  >&5
configure:7740: $? = 0
configure:7740: ./conftest
configure:7740: $? = 0
configure:7751: result: yes
configure:7764: checking for sys/types.h
configure:7764: gcc -c -m32 -g -O2  conftest.c >&5
configure:7764: $? = 0
configure:7764: result: yes
configure:7764: checking for sys/stat.h
configure:7764: gcc -c -m32 -g -O2  conftest.c >&5
configure:7764: $? = 0
configure:7764: result: yes
configure:7764: checking for stdlib.h
configure:7764: gcc -c -m32 -g -O2  conftest.c >&5
configure:7764: $? = 0
configure:7764: result: yes
configure:7764: checking for string.h
configure:7764: gcc -c -m32 -g -O2  conftest.c >&5
configure:7764: $? = 0
configure:7764: result: yes
configure:7764: checking for memory.h
configure:7764: gcc -c -m32 -g -O2  conftest.c >&5
configure:7764: $? = 0
configure:7764: result: yes
configure:7764: checking for strings.h
configure:7764: gcc -c -m32 -g -O2  conftest.c >&5
configure:7764: $? = 0
configure:7764: result: yes
configure:7764: checking for inttypes.h
configure:7764: gcc -c -m32 -g -O2  conftest.c >&5
configure:7764: $? = 0
configure:7764: result: yes
configure:7764: checking for stdint.h
configure:7764: gcc -c -m32 -g -O2  conftest.c >&5
configure:7764: $? = 0
configure:7764: result: yes
configure:7764: checking for unistd.h
configure:7764: gcc -c -m32 -g -O2  conftest.c >&5
configure:7764: $? = 0
configure:7764: result: yes
configure:7778: checking for dlfcn.h
configure:7778: gcc -c -m32 -g -O2  conftest.c >&5
configure:7778: $? = 0
configure:7778: result: yes
configure:7965: checking for objdir
configure:7980: result: .libs
configure:8247: checking if gcc supports -fno-rtti -fno-exceptions
configure:8265: gcc -c -m32 -g -O2  -fno-rtti -fno-exceptions conftest.c >&5
cc1: warning: command line option '-fno-rtti' is valid for C++/ObjC++ but not for C [enabled by default]
configure:8269: $? = 0
configure:8282: result: no
configure:8609: checking for gcc option to produce PIC
configure:8616: result: -fPIC -DPIC
configure:8624: checking if gcc PIC flag -fPIC -DPIC works
configure:8642: gcc -c -m32 -g -O2  -fPIC -DPIC -DPIC conftest.c >&5
configure:8646: $? = 0
configure:8659: result: yes
configure:8688: checking if gcc static flag -static works
configure:8716: result: no
configure:8731: checking if gcc supports -c -o file.o
configure:8752: gcc -c -m32 -g -O2  -o out/conftest2.o conftest.c >&5
configure:8756: $? = 0
configure:8778: result: yes
configure:8786: checking if gcc supports -c -o file.o
configure:8833: result: yes
configure:8866: checking whether the gcc linker (/bin/ld -m elf_i386) supports shared libraries
configure:10019: result: yes
configure:10056: checking whether -lc should be explicitly linked in
configure:10064: gcc -c -m32 -g -O2  conftest.c >&5
configure:10067: $? = 0
configure:10082: gcc -shared  -fPIC -DPIC conftest.o  -v -Wl,-soname -Wl,conftest -o conftest 2\>\&1 \| /bin/grep  -lc  \>/dev/null 2\>\&1
configure:10085: $? = 0
configure:10099: result: no
configure:10259: checking dynamic linker characteristics
configure:10770: gcc -o conftest -m32 -g -O2  -m32 -Wl,--enable-new-dtags -Wl,-rpath -Wl,/foo conftest.c  >&5
configure:10770: $? = 0
configure:10996: result: GNU/Linux ld.so
configure:11103: checking how to hardcode library paths into programs
configure:11128: result: immediate
configure:11668: checking whether stripping libraries is possible
configure:11673: result: yes
configure:11708: checking if libtool supports shared libraries
configure:11710: result: yes
configure:11713: checking whether to build shared libraries
configure:11734: result: yes
configure:11737: checking whether to build static libraries
configure:11741: result: no
configure:11764: checking how to run the C++ preprocessor
configure:11791: g++ -E  conftest.cpp
configure:11791: $? = 0
configure:11805: g++ -E  conftest.cpp
conftest.cpp:23:28: fatal error: ac_nonexistent.h: No such file or directory
 #include <ac_nonexistent.h>
                            ^
compilation terminated.
configure:11805: $? = 1
configure: failed program was:
| /* confdefs.h */
| #define PACKAGE_NAME "svx_cnt_ana"
| #define PACKAGE_TARNAME "svx_cnt_ana"
| #define PACKAGE_VERSION "1.00"
| #define PACKAGE_STRING "svx_cnt_ana 1.00"
| #define PACKAGE_BUGREPORT ""
| #define PACKAGE_URL ""
| #define PACKAGE "ANADST"
| #define VERSION "1.00"
| #define STDC_HEADERS 1
| #define HAVE_SYS_TYPES_H 1
| #define HAVE_SYS_STAT_H 1
| #define HAVE_STDLIB_H 1
| #define HAVE_STRING_H 1
| #define HAVE_MEMORY_H 1
| #define HAVE_STRINGS_H 1
| #define HAVE_INTTYPES_H 1
| #define HAVE_STDINT_H 1
| #define HAVE_UNISTD_H 1
| #define HAVE_DLFCN_H 1
| #define LT_OBJDIR ".libs/"
| /* end confdefs.h.  */
| #include <ac_nonexistent.h>
configure:11830: result: g++ -E
configure:11850: g++ -E  conftest.cpp
configure:11850: $? = 0
configure:11864: g++ -E  conftest.cpp
conftest.cpp:23:28: fatal error: ac_nonexistent.h: No such file or directory
 #include <ac_nonexistent.h>
                            ^
compilation terminated.
configure:11864: $? = 1
configure: failed program was:
| /* confdefs.h */
| #define PACKAGE_NAME "svx_cnt_ana"
| #define PACKAGE_TARNAME "svx_cnt_ana"
| #define PACKAGE_VERSION "1.00"
| #define PACKAGE_STRING "svx_cnt_ana 1.00"
| #define PACKAGE_BUGREPORT ""
| #define PACKAGE_URL ""
| #define PACKAGE "ANADST"
| #define VERSION "1.00"
| #define STDC_HEADERS 1
| #define HAVE_SYS_TYPES_H 1
| #define HAVE_SYS_STAT_H 1
| #define HAVE_STDLIB_H 1
| #define HAVE_STRING_H 1
| #define HAVE_MEMORY_H 1
| #define HAVE_STRINGS_H 1
| #define HAVE_INTTYPES_H 1
| #define HAVE_STDINT_H 1
| #define HAVE_UNISTD_H 1
| #define HAVE_DLFCN_H 1
| #define LT_OBJDIR ".libs/"
| /* end confdefs.h.  */
| #include <ac_nonexistent.h>
configure:12033: checking for ld used by g++
configure:12100: result: /bin/ld -m elf_i386
configure:12107: checking if the linker (/bin/ld -m elf_i386) is GNU ld
configure:12122: result: yes
configure:12177: checking whether the g++ linker (/bin/ld -m elf_i386) supports shared libraries
configure:13182: result: yes
configure:13218: g++ -c -m32 -g -O2  conftest.cpp >&5
configure:13221: $? = 0
configure:13741: checking for g++ option to produce PIC
configure:13748: result: -fPIC -DPIC
configure:13756: checking if g++ PIC flag -fPIC -DPIC works
configure:13774: g++ -c -m32 -g -O2  -fPIC -DPIC -DPIC conftest.cpp >&5
configure:13778: $? = 0
configure:13791: result: yes
configure:13814: checking if g++ static flag -static works
configure:13842: result: no
configure:13854: checking if g++ supports -c -o file.o
configure:13875: g++ -c -m32 -g -O2  -o out/conftest2.o conftest.cpp >&5
configure:13879: $? = 0
configure:13901: result: yes
configure:13906: checking if g++ supports -c -o file.o
configure:13953: result: yes
configure:13983: checking whether the g++ linker (/bin/ld -m elf_i386) supports shared libraries
configure:14019: result: yes
configure:14160: checking dynamic linker characteristics
configure:14831: result: GNU/Linux ld.so
configure:14884: checking how to hardcode library paths into programs
configure:14909: result: immediate
configure:15122: checking that generated files are newer than configure
configure:15128: result: done
configure:15155: creating ./config.status

## ---------------------- ##
## Running config.status. ##
## ---------------------- ##

This file was extended by svx_cnt_ana config.status 1.00, which was
generated by GNU Autoconf 2.69.  Invocation command line was

  CONFIG_FILES    = 
  CONFIG_HEADERS  = 
  CONFIG_LINKS    = 
  CONFIG_COMMANDS = 
  $ ./config.status 

on rcas2064.rcf.bnl.gov

config.status:1066: creating Makefile
config.status:1238: executing depfiles commands
config.status:1238: executing libtool commands

## ---------------- ##
## Cache variables. ##
## ---------------- ##

ac_cv_build=x86_64-unknown-linux-gnu
ac_cv_c_compiler_gnu=yes
ac_cv_cxx_compiler_gnu=yes
ac_cv_env_CCC_set=
ac_cv_env_CCC_value=
ac_cv_env_CC_set=
ac_cv_env_CC_value=
ac_cv_env_CFLAGS_set=
ac_cv_env_CFLAGS_value=
ac_cv_env_CPPFLAGS_set=
ac_cv_env_CPPFLAGS_value=
ac_cv_env_CPP_set=
ac_cv_env_CPP_value=
ac_cv_env_CXXCPP_set=
ac_cv_env_CXXCPP_value=
ac_cv_env_CXXFLAGS_set=
ac_cv_env_CXXFLAGS_value=
ac_cv_env_CXX_set=
ac_cv_env_CXX_value=
ac_cv_env_LDFLAGS_set=
ac_cv_env_LDFLAGS_value=
ac_cv_env_LIBS_set=
ac_cv_env_LIBS_value=
ac_cv_env_build_alias_set=
ac_cv_env_build_alias_value=
ac_cv_env_host_alias_set=
ac_cv_env_host_alias_value=
ac_cv_env_target_alias_set=
ac_cv_env_target_alias_value=
ac_cv_header_dlfcn_h=yes
ac_cv_header_inttypes_h=yes
ac_cv_header_memory_h=yes
ac_cv_header_stdc=yes
ac_cv_header_stdint_h=yes
ac_cv_header_stdlib_h=yes
ac_cv_header_string_h=yes
ac_cv_header_strings_h=yes
ac_cv_header_sys_stat_h=yes
ac_cv_header_sys_types_h=yes
ac_cv_header_unistd_h=yes
ac_cv_host=x86_64-unknown-linux-gnu
ac_cv_objext=o
ac_cv_path_EGREP='/bin/grep -E'
ac_cv_path_FGREP='/bin/grep -F'
ac_cv_path_GREP=/bin/grep
ac_cv_path_SED=/bin/sed
ac_cv_path_install='/bin/install -c'
ac_cv_path_mkdir=/bin/mkdir
ac_cv_prog_AWK=gawk
ac_cv_prog_CPP='gcc -E'
ac_cv_prog_CXXCPP='g++ -E'
ac_cv_prog_ac_ct_AR=ar
ac_cv_prog_ac_ct_CC=gcc
ac_cv_prog_ac_ct_CXX=g++
ac_cv_prog_ac_ct_OBJDUMP=objdump
ac_cv_prog_ac_ct_RANLIB=ranlib
ac_cv_prog_ac_ct_STRIP=strip
ac_cv_prog_cc_c89=
ac_cv_prog_cc_g=yes
ac_cv_prog_cxx_g=yes
ac_cv_prog_make_make_set=yes
am_cv_CC_dependencies_compiler_type=gcc3
am_cv_CXX_dependencies_compiler_type=gcc3
am_cv_make_support_nested_variables=yes
lt_cv_ar_at_file=@
lt_cv_archive_cmds_need_lc=no
lt_cv_deplibs_check_method=pass_all
lt_cv_file_magic_cmd='$MAGIC_CMD'
lt_cv_file_magic_test_file=
lt_cv_ld_reload_flag=-r
lt_cv_nm_interface='BSD nm'
lt_cv_objdir=.libs
lt_cv_path_LD=/bin/ld
lt_cv_path_LDCXX='/bin/ld -m elf_i386'
lt_cv_path_NM='/bin/nm -B'
lt_cv_path_mainfest_tool=no
lt_cv_prog_compiler_c_o=yes
lt_cv_prog_compiler_c_o_CXX=yes
lt_cv_prog_compiler_pic='-fPIC -DPIC'
lt_cv_prog_compiler_pic_CXX='-fPIC -DPIC'
lt_cv_prog_compiler_pic_works=yes
lt_cv_prog_compiler_pic_works_CXX=yes
lt_cv_prog_compiler_rtti_exceptions=no
lt_cv_prog_compiler_static_works=no
lt_cv_prog_compiler_static_works_CXX=no
lt_cv_prog_gnu_ld=yes
lt_cv_prog_gnu_ldcxx=yes
lt_cv_sharedlib_from_linklib_cmd='printf %s\n'
lt_cv_shlibpath_overrides_runpath=yes
lt_cv_sys_global_symbol_pipe='sed -n -e '\''s/^.*[	 ]\([ABCDGIRSTW][ABCDGIRSTW]*\)[	 ][	 ]*\([_A-Za-z][_A-Za-z0-9]*\)$/\1 \2 \2/p'\'' | sed '\''/ __gnu_lto/d'\'''
lt_cv_sys_global_symbol_to_c_name_address='sed -n -e '\''s/^: \([^ ]*\)[ ]*$/  {\"\1\", (void *) 0},/p'\'' -e '\''s/^[ABCDGIRSTW]* \([^ ]*\) \([^ ]*\)$/  {"\2", (void *) \&\2},/p'\'''
lt_cv_sys_global_symbol_to_c_name_address_lib_prefix='sed -n -e '\''s/^: \([^ ]*\)[ ]*$/  {\"\1\", (void *) 0},/p'\'' -e '\''s/^[ABCDGIRSTW]* \([^ ]*\) \(lib[^ ]*\)$/  {"\2", (void *) \&\2},/p'\'' -e '\''s/^[ABCDGIRSTW]* \([^ ]*\) \([^ ]*\)$/  {"lib\2", (void *) \&\2},/p'\'''
lt_cv_sys_global_symbol_to_cdecl='sed -n -e '\''s/^T .* \(.*\)$/extern int \1();/p'\'' -e '\''s/^[ABCDGIRSTW]* .* \(.*\)$/extern char \1;/p'\'''
lt_cv_sys_max_cmd_len=1572864
lt_cv_to_host_file_cmd=func_convert_file_noop
lt_cv_to_tool_file_cmd=func_convert_file_noop

## ----------------- ##
## Output variables. ##
## ----------------- ##

ACLOCAL='${SHELL} /phenix/plhf/tongzhouguo/yuri_embed/embed/svx_cent_ana/source/missing aclocal-1.13'
AMDEPBACKSLASH='\'
AMDEP_FALSE='#'
AMDEP_TRUE=''
AMTAR='$${TAR-tar}'
AM_BACKSLASH='\'
AM_DEFAULT_V='$(AM_DEFAULT_VERBOSITY)'
AM_DEFAULT_VERBOSITY='1'
AM_V='$(V)'
AR='ar'
AUTOCONF='${SHELL} /phenix/plhf/tongzhouguo/yuri_embed/embed/svx_cent_ana/source/missing autoconf'
AUTOHEADER='${SHELL} /phenix/plhf/tongzhouguo/yuri_embed/embed/svx_cent_ana/source/missing autoheader'
AUTOMAKE='${SHELL} /phenix/plhf/tongzhouguo/yuri_embed/embed/svx_cent_ana/source/missing automake-1.13'
AWK='gawk'
CC='gcc'
CCDEPMODE='depmode=gcc3'
CFLAGS='-m32 -g -O2'
CPP='gcc -E'
CPPFLAGS=''
CXX='g++'
CXXCPP='g++ -E'
CXXDEPMODE='depmode=gcc3'
CXXFLAGS='-m32 -g -O2 -Wall -Werror'
CYGPATH_W='echo'
DEFS='-DPACKAGE_NAME=\"svx_cnt_ana\" -DPACKAGE_TARNAME=\"svx_cnt_ana\" -DPACKAGE_VERSION=\"1.00\" -DPACKAGE_STRING=\"svx_cnt_ana\ 1.00\" -DPACKAGE_BUGREPORT=\"\" -DPACKAGE_URL=\"\" -DPACKAGE=\"ANADST\" -DVERSION=\"1.00\" -DSTDC_HEADERS=1 -DHAVE_SYS_TYPES_H=1 -DHAVE_SYS_STAT_H=1 -DHAVE_STDLIB_H=1 -DHAVE_STRING_H=1 -DHAVE_MEMORY_H=1 -DHAVE_STRINGS_H=1 -DHAVE_INTTYPES_H=1 -DHAVE_STDINT_H=1 -DHAVE_UNISTD_H=1 -DHAVE_DLFCN_H=1 -DLT_OBJDIR=\".libs/\"'
DEPDIR='.deps'
DLLTOOL='false'
DSYMUTIL=''
DUMPBIN=''
ECHO_C=''
ECHO_N='-n'
ECHO_T=''
EGREP='/bin/grep -E'
EXEEXT=''
FGREP='/bin/grep -F'
GREP='/bin/grep'
INSTALL_DATA='${INSTALL} -m 644'
INSTALL_PROGRAM='${INSTALL}'
INSTALL_SCRIPT='${INSTALL}'
INSTALL_STRIP_PROGRAM='$(install_sh) -c -s'
LD='/bin/ld -m elf_i386'
LDFLAGS='-m32 -Wl,--enable-new-dtags'
LIBOBJS=''
LIBS=''
LIBTOOL='$(SHELL) $(top_builddir)/libtool'
LIPO=''
LN_S='ln -s'
LTLIBOBJS=''
MAKEINFO='${SHELL} /phenix/plhf/tongzhouguo/yuri_embed/embed/svx_cent_ana/source/missing makeinfo'
MANIFEST_TOOL=':'
MKDIR_P='/bin/mkdir -p'
NM='/bin/nm -B'
NMEDIT=''
OBJDUMP='objdump'
OBJEXT='o'
OTOOL64=''
OTOOL=''
PACKAGE='ANADST'
PACKAGE_BUGREPORT=''
PACKAGE_INCLUDE_DIR='svx_cnt_ana'
PACKAGE_NAME='svx_cnt_ana'
PACKAGE_STRING='svx_cnt_ana 1.00'
PACKAGE_TARNAME='svx_cnt_ana'
PACKAGE_URL=''
PACKAGE_VERSION='1.00'
PATH_SEPARATOR=':'
RANLIB='ranlib'
SED='/bin/sed'
SET_MAKE=''
SHELL='/bin/sh'
STRIP='strip'
VERSION='1.00'
ac_ct_AR='ar'
ac_ct_CC='gcc'
ac_ct_CXX='g++'
ac_ct_DUMPBIN=''
am__EXEEXT_FALSE=''
am__EXEEXT_TRUE='#'
am__fastdepCC_FALSE='#'
am__fastdepCC_TRUE=''
am__fastdepCXX_FALSE='#'
am__fastdepCXX_TRUE=''
am__include='include'
am__isrc=''
am__leading_dot='.'
am__nodep='_no'
am__quote=''
am__tar='$${TAR-tar} chof - "$$tardir"'
am__untar='$${TAR-tar} xf -'
bindir='${exec_prefix}/bin'
build='x86_64-unknown-linux-gnu'
build_alias=''
build_cpu='x86_64'
build_os='linux-gnu'
build_vendor='unknown'
datadir='${datarootdir}'
datarootdir='${prefix}/share'
docdir='${datarootdir}/doc/${PACKAGE_TARNAME}'
dvidir='${docdir}'
exec_prefix='${prefix}'
host='x86_64-unknown-linux-gnu'
host_alias=''
host_cpu='x86_64'
host_os='linux-gnu'
host_vendor='unknown'
htmldir='${docdir}'
includedir='${prefix}/include'
infodir='${datarootdir}/info'
install_sh='${SHELL} /phenix/plhf/tongzhouguo/yuri_embed/embed/svx_cent_ana/source/install-sh'
libdir='${exec_prefix}/lib'
libexecdir='${exec_prefix}/libexec'
localedir='${datarootdir}/locale'
localstatedir='${prefix}/var'
mandir='${datarootdir}/man'
mkdir_p='$(MKDIR_P)'
oldincludedir='/usr/include'
pdfdir='${docdir}'
prefix='/direct/phenix+u/tongzhouguo/install'
program_transform_name='s,x,x,'
psdir='${docdir}'
sbindir='${exec_prefix}/sbin'
sharedstatedir='${prefix}/com'
sysconfdir='${prefix}/etc'
target_alias=''

## ----------- ##
## confdefs.h. ##
## ----------- ##

/* confdefs.h */
#define PACKAGE_NAME "svx_cnt_ana"
#define PACKAGE_TARNAME "svx_cnt_ana"
#define PACKAGE_VERSION "1.00"
#define PACKAGE_STRING "svx_cnt_ana 1.00"
#define PACKAGE_BUGREPORT ""
#define PACKAGE_URL ""
#define PACKAGE "ANADST"
#define VERSION "1.00"
#define STDC_HEADERS 1
#define HAVE_SYS_TYPES_H 1
#define HAVE_SYS_STAT_H 1
#define HAVE_STDLIB_H 1
#define HAVE_STRING_H 1
#define HAVE_MEMORY_H 1
#define HAVE_STRINGS_H 1
#define HAVE_INTTYPES_H 1
#define HAVE_STDINT_H 1
#define HAVE_UNISTD_H 1
#define HAVE_DLFCN_H 1
#define LT_OBJDIR ".libs/"

configure: exit 0

## ---------------------- ##
## Running config.status. ##
## ---------------------- ##

This file was extended by svx_cnt_ana config.status 1.00, which was
generated by GNU Autoconf 2.69.  Invocation command line was

  CONFIG_FILES    = 
  CONFIG_HEADERS  = 
  CONFIG_LINKS    = 
  CONFIG_COMMANDS = 
  $ ./config.status Makefile depfiles

on rcas2064.rcf.bnl.gov

config.status:1066: creating Makefile
config.status:1238: executing depfiles commands

## ---------------------- ##
## Running config.status. ##
## ---------------------- ##

This file was extended by svx_cnt_ana config.status 1.00, which was
generated by GNU Autoconf 2.69.  Invocation command line was

  CONFIG_FILES    = 
  CONFIG_HEADERS  = 
  CONFIG_LINKS    = 
  CONFIG_COMMANDS = 
  $ ./config.status Makefile depfiles

on rcas2064.rcf.bnl.gov

config.status:1066: creating Makefile
config.status:1238: executing depfiles commands

## ---------------------- ##
## Running config.status. ##
## ---------------------- ##

This file was extended by svx_cnt_ana config.status 1.00, which was
generated by GNU Autoconf 2.69.  Invocation command line was

  CONFIG_FILES    = 
  CONFIG_HEADERS  = 
  CONFIG_LINKS    = 
  CONFIG_COMMANDS = 
  $ ./config.status Makefile depfiles

on rcas2064.rcf.bnl.gov

config.status:1066: creating Makefile
config.status:1238: executing depfiles commands

## ---------------------- ##
## Running config.status. ##
## ---------------------- ##

This file was extended by svx_cnt_ana config.status 1.00, which was
generated by GNU Autoconf 2.69.  Invocation command line was

  CONFIG_FILES    = 
  CONFIG_HEADERS  = 
  CONFIG_LINKS    = 
  CONFIG_COMMANDS = 
  $ ./config.status Makefile depfiles

on rcas2064.rcf.bnl.gov

config.status:1066: creating Makefile
config.status:1238: executing depfiles commands

## ---------------------- ##
## Running config.status. ##
## ---------------------- ##

This file was extended by svx_cnt_ana config.status 1.00, which was
generated by GNU Autoconf 2.69.  Invocation command line was

  CONFIG_FILES    = 
  CONFIG_HEADERS  = 
  CONFIG_LINKS    = 
  CONFIG_COMMANDS = 
  $ ./config.status Makefile depfiles

on rcas2064.rcf.bnl.gov

config.status:1066: creating Makefile
config.status:1238: executing depfiles commands
